// Jest Snapshot v1, https://goo.gl/fbAQLP

exports[`StateToPersist specs should be able to extractScriptString without tag 1`] = `"window[Symbol.for('SIGI_GLOBAL_MODULE_CACHE')]={\\"bar\\":\\"baz\\"}"`;

exports[`StateToPersist specs should be able to renderToJSX 1`] = `"<html data-reactroot=\\"\\"><head><link rel=\\"stylesheet\\" href=\\"https://sigi.how/style.css\\"/></head><body><div id=\\"app\\"><img src=\\"https://sigi.how/image.jpeg\\" alt=\\"\\"/></div><script id=\\"sigi-persisted-data\\">window[Symbol.for('SIGI_GLOBAL_MODULE_CACHE')]={\\"foo\\":1}</script></body></html>"`;

exports[`StateToPersist specs should prevent xss 1`] = `"<html data-reactroot=\\"\\"><head><link rel=\\"stylesheet\\" href=\\"https://sigi.how/style.css\\"/></head><body><div id=\\"app\\"><img src=\\"https://sigi.how/image.jpeg\\" alt=\\"\\"/></div><script id=\\"sigi-persisted-data\\">window[Symbol.for('SIGI_GLOBAL_MODULE_CACHE')]={\\"xss\\":\\"\\\\u003C\\\\u002Fscript\\\\u003E\\\\u003Cscript\\\\u003Ealert(1);\\\\u003C\\\\u002Fscript\\\\u003E\\"}</script></body></html>"`;

exports[`StateToPersist specs should render to document 1`] = `"<html data-reactroot=\\"\\"><head><link rel=\\"stylesheet\\" href=\\"https://sigi.how/style.css\\"/></head><body><div id=\\"app\\"><img src=\\"https://sigi.how/image.jpeg\\" alt=\\"\\"/></div><script id=\\"sigi-persisted-data\\">window[Symbol.for('SIGI_GLOBAL_MODULE_CACHE')]={\\"foo\\":1}</script></body></html>"`;
